136.243.48.85 - - [10/Jan/2017:02:16:55 +0100] "GET / HTTP/1.1" 301 20 "-" "Mozilla/5.0 (X11; Linux x86_64) AppleWebKit/537.36 (KHTML, like Gecko) Chrome/37.0.2062.120 Safari/537.36"
136.243.48.85 - - [10/Jan/2017:02:16:56 +0100] "GET / HTTP/1.1" 200 6698 "-" "Mozilla/5.0 (X11; Linux x86_64) AppleWebKit/537.36 (KHTML, like Gecko) Chrome/37.0.2062.120 Safari/537.36"
212.113.135.117 - - [10/Jan/2017:02:18:40 +0100] "POST /wp-login.php HTTP/1.1" 200 1632 "-" "Mozilla/5.0 (X11; Linux x86_64) AppleWebKit/537.36 (KHTML, like Gecko) Chrome/43.0.2357.130 Safari/537.36"
66.249.92.92 - - [10/Jan/2017:02:19:01 +0100] "GET /kalender/ HTTP/1.1" 200 5557 "-" "Google-Calendar-Importer"
185.107.12.117 - - [10/Jan/2017:02:22:04 +0100] "POST /xmlrpc.php HTTP/1.1" 200 406 "-" "Mozilla/5.0 (Windows NT 6.1; WOW64; rv:40.0) Gecko/20100101 Firefox/40.1"
185.107.12.117 - - [10/Jan/2017:02:22:05 +0100] "GET /wp-login.php HTTP/1.1" 200 5012 "-" "Mozilla/5.0 (Windows NT 6.1; WOW64; rv:40.0) Gecko/20100101 Firefox/40.1"
185.107.12.117 - - [10/Jan/2017:02:22:05 +0100] "POST /wp-login.php HTTP/1.1" 200 5012 "-" "Mozilla/5.0 (Windows NT 6.1; WOW64; rv:40.0) Gecko/20100101 Firefox/40.1"
157.55.39.0 - - [10/Jan/2017:02:25:51 +0100] "GET / HTTP/1.1" 301 20 "-" "Mozilla/5.0 (compatible; bingbot/2.0; +http://www.bing.com/bingbot.htm)"
24.255.212.16 - - [10/Jan/2017:02:27:35 +0100] "POST /xmlrpc.php HTTP/1.1" 200 406 "-" "Mozilla/5.0 (Windows NT 6.1; WOW64; rv:40.0) Gecko/20100101 Firefox/40.1"
24.255.212.16 - - [10/Jan/2017:02:27:36 +0100] "GET /wp-login.php HTTP/1.1" 200 5012 "-" "Mozilla/5.0 (Windows NT 6.1; WOW64; rv:40.0) Gecko/20100101 Firefox/40.1"
24.255.212.16 - - [10/Jan/2017:02:27:37 +0100] "POST /wp-login.php HTTP/1.1" 200 5012 "-" "Mozilla/5.0 (Windows NT 6.1; WOW64; rv:40.0) Gecko/20100101 Firefox/40.1"
213.251.182.103 - - [10/Jan/2017:02:31:35 +0100] "POST /wp-login.php HTTP/1.1" 200 1632 "-" "Mozilla/5.0 (X11; Linux x86_64) AppleWebKit/537.36 (KHTML, like Gecko) Chrome/43.0.2357.130 Safari/537.36"
66.249.66.175 - - [10/Jan/2017:02:34:41 +0100] "GET /robots.txt HTTP/1.1" 200 69 "-" "Mozilla/5.0 (compatible; Googlebot/2.1; +http://www.google.com/bot.html)"
66.249.66.178 - - [10/Jan/2017:02:34:42 +0100] "GET /accordion_tp-sitemap.xml HTTP/1.1" 200 504 "-" "Mozilla/5.0 (compatible; Googlebot/2.1; +http://www.google.com/bot.html)"
213.160.90.146 - - [10/Jan/2017:02:34:41 +0100] "POST /wp-cron.php?doing_wp_cron=1484012081.4603590965270996093750 HTTP/1.1" 200 20 "http://www.duesseldorfer-toastmasters.de/wp-cron.php?doing_wp_cron=1484012081.4603590965270996093750" "WordPress/4.7; http://www.duesseldorfer-toastmasters.de"
91.220.131.134 - - [10/Jan/2017:02:38:58 +0100] "POST /wp-login.php HTTP/1.1" 200 1697 "http://duesseldorfer-toastmasters.de/wp-login.php" "Mozilla/5.0 (Windows NT 10.0; WOW64) AppleWebKit/537.36 (KHTML, like Gecko) Chrome/53.0.2785.143 Safari/537.36"
91.220.131.134 - - [10/Jan/2017:02:38:59 +0100] "POST /wp-login.php HTTP/1.1" 200 1697 "http://duesseldorfer-toastmasters.de/wp-login.php" "Mozilla/5.0 (Windows NT 10.0; WOW64) AppleWebKit/537.36 (KHTML, like Gecko) Chrome/53.0.2785.143 Safari/537.36"
184.147.120.98 - - [10/Jan/2017:02:41:14 +0100] "POST /xmlrpc.php HTTP/1.1" 200 406 "-" "Mozilla/5.0 (Windows NT 6.1; WOW64; rv:40.0) Gecko/20100101 Firefox/40.1"
184.147.120.98 - - [10/Jan/2017:02:41:15 +0100] "GET /wp-login.php HTTP/1.1" 200 5012 "-" "Mozilla/5.0 (Windows NT 6.1; WOW64; rv:40.0) Gecko/20100101 Firefox/40.1"
184.147.120.98 - - [10/Jan/2017:02:41:16 +0100] "POST /wp-login.php HTTP/1.1" 200 5012 "-" "Mozilla/5.0 (Windows NT 6.1; WOW64; rv:40.0) Gecko/20100101 Firefox/40.1"
177.190.73.43 - - [10/Jan/2017:02:41:23 +0100] "POST /xmlrpc.php HTTP/1.1" 200 406 "-" "Mozilla/5.0 (Windows NT 6.1; WOW64; rv:40.0) Gecko/20100101 Firefox/40.1"
177.190.73.43 - - [10/Jan/2017:02:41:24 +0100] "GET /wp-login.php HTTP/1.1" 200 5012 "-" "Mozilla/5.0 (Windows NT 6.1; WOW64; rv:40.0) Gecko/20100101 Firefox/40.1"
177.190.73.43 - - [10/Jan/2017:02:41:26 +0100] "POST /wp-login.php HTTP/1.1" 200 5012 "-" "Mozilla/5.0 (Windows NT 6.1; WOW64; rv:40.0) Gecko/20100101 Firefox/40.1"
85.25.210.234 - - [10/Jan/2017:02:43:36 +0100] "GET /robots.txt HTTP/1.1" 200 69 "-" "Mozilla/5.0 (compatible; seoscanners.net/1; +spider@seoscanners.net)"
85.25.210.234 - - [10/Jan/2017:02:43:37 +0100] "GET /calendar/ HTTP/1.1" 200 8591 "-" "Mozilla/5.0 (compatible; seoscanners.net/1; +spider@seoscanners.net)"
177.135.25.100 - - [10/Jan/2017:02:46:00 +0100] "POST /xmlrpc.php HTTP/1.1" 200 406 "-" "Mozilla/5.0 (Windows NT 6.1; WOW64; rv:40.0) Gecko/20100101 Firefox/40.1"
177.135.25.100 - - [10/Jan/2017:02:46:02 +0100] "GET /wp-login.php HTTP/1.1" 200 5012 "-" "Mozilla/5.0 (Windows NT 6.1; WOW64; rv:40.0) Gecko/20100101 Firefox/40.1"
177.135.25.100 - - [10/Jan/2017:02:46:06 +0100] "POST /wp-login.php HTTP/1.1" 200 5012 "-" "Mozilla/5.0 (Windows NT 6.1; WOW64; rv:40.0) Gecko/20100101 Firefox/40.1"
157.55.39.0 - - [10/Jan/2017:02:46:43 +0100] "GET /?p=895 HTTP/1.1" 404 4976 "-" "Mozilla/5.0 (compatible; bingbot/2.0; +http://www.bing.com/bingbot.htm)"
213.160.90.146 - - [10/Jan/2017:02:50:19 +0100] "POST /wp-cron.php?doing_wp_cron=1484013018.9847030639648437500000 HTTP/1.1" 200 20 "http://www.duesseldorfer-toastmasters.de/wp-cron.php?doing_wp_cron=1484013018.9847030639648437500000" "WordPress/4.7; http://www.duesseldorfer-toastmasters.de"
187.65.157.98 - - [10/Jan/2017:02:50:18 +0100] "POST /xmlrpc.php HTTP/1.1" 200 406 "-" "Mozilla/5.0 (Windows NT 6.1; WOW64; rv:40.0) Gecko/20100101 Firefox/40.1"
187.65.157.98 - - [10/Jan/2017:02:50:20 +0100] "GET /wp-login.php HTTP/1.1" 200 5012 "-" "Mozilla/5.0 (Windows NT 6.1; WOW64; rv:40.0) Gecko/20100101 Firefox/40.1"
187.65.157.98 - - [10/Jan/2017:02:50:21 +0100] "POST /wp-login.php HTTP/1.1" 200 5012 "-" "Mozilla/5.0 (Windows NT 6.1; WOW64; rv:40.0) Gecko/20100101 Firefox/40.1"
176.86.156.223 - - [10/Jan/2017:02:52:56 +0100] "GET / HTTP/1.1" 301 - "-" "Java/1.4.1_04"
176.86.156.223 - - [10/Jan/2017:02:52:57 +0100] "GET / HTTP/1.1" 200 25313 "-" "Java/1.4.1_04"
176.86.156.223 - - [10/Jan/2017:02:52:59 +0100] "GET /mitmachen/als-gast-anmelden HTTP/1.1" 301 - "-" "Java/1.4.1_04"
176.86.156.223 - - [10/Jan/2017:02:53:00 +0100] "GET /mitmachen/als-gast-anmelden/ HTTP/1.1" 200 24750 "-" "Java/1.4.1_04"
176.86.156.223 - - [10/Jan/2017:02:53:02 +0100] "GET /https://goo.gl/7ewmEm HTTP/1.1" 301 - "-" "Java/1.4.1_04"
176.86.156.223 - - [10/Jan/2017:02:53:03 +0100] "GET /https:/goo.gl/7ewmEm HTTP/1.1" 404 19672 "-" "Java/1.4.1_04"
176.86.156.223 - - [10/Jan/2017:02:53:04 +0100] "GET /https://www.facebook.com/DuesseldorferToastmasters HTTP/1.1" 301 - "-" "Java/1.4.1_04"
176.86.156.223 - - [10/Jan/2017:02:53:05 +0100] "GET /https:/www.facebook.com/DuesseldorferToastmasters HTTP/1.1" 404 19672 "-" "Java/1.4.1_04"
176.86.156.223 - - [10/Jan/2017:02:53:06 +0100] "GET /https://www.google.com/recaptcha/api.js HTTP/1.1" 301 - "-" "Java/1.4.1_04"
176.86.156.223 - - [10/Jan/2017:02:53:07 +0100] "GET /https:/www.google.com/recaptcha/api.js HTTP/1.1" 404 19672 "-" "Java/1.4.1_04"
176.86.156.223 - - [10/Jan/2017:02:53:08 +0100] "GET /https://www.facebook.com/pages/D%C3%BCsseldorfer-Toastmasters/124324034309261 HTTP/1.1" 301 - "-" "Java/1.4.1_04"
176.86.156.223 - - [10/Jan/2017:02:53:08 +0100] "GET /https:/www.facebook.com/pages/D%C3%BCsseldorfer-Toastmasters/124324034309261 HTTP/1.1" 404 19672 "-" "Java/1.4.1_04"
176.86.156.223 - - [10/Jan/2017:02:53:09 +0100] "GET /mitmachen/als-gast-anmelden/https://goo.gl/7ewmEm HTTP/1.1" 301 - "-" "Java/1.4.1_04"
176.86.156.223 - - [10/Jan/2017:02:53:10 +0100] "GET /mitmachen/als-gast-anmelden/https:/goo.gl/7ewmEm HTTP/1.1" 404 19672 "-" "Java/1.4.1_04"
176.86.156.223 - - [10/Jan/2017:02:53:11 +0100] "GET /mitmachen/als-gast-anmelden/https://www.google.com/recaptcha/api.js HTTP/1.1" 301 - "-" "Java/1.4.1_04"
176.86.156.223 - - [10/Jan/2017:02:53:13 +0100] "GET /mitmachen/als-gast-anmelden/https:/www.google.com/recaptcha/api.js HTTP/1.1" 404 19672 "-" "Java/1.4.1_04"
184.168.200.206 - - [10/Jan/2017:02:54:00 +0100] "POST /xmlrpc.php HTTP/1.1" 200 528 "-" "Mozilla/5.0 (X11; Ubuntu; Linux x86_64; rv:23.0) Gecko/20100101 Firefox/23.0"
212.48.93.30 - - [10/Jan/2017:02:54:35 +0100] "POST /wp-login.php HTTP/1.1" 200 1632 "-" "Mozilla/5.0 (X11; Linux x86_64) AppleWebKit/537.36 (KHTML, like Gecko) Chrome/43.0.2357.130 Safari/537.36"
89.136.240.35 - - [10/Jan/2017:03:07:29 +0100] "POST /wp-login.php HTTP/1.1" 200 1632 "-" "Mozilla/5.0 (X11; Linux x86_64) AppleWebKit/537.36 (KHTML, like Gecko) Chrome/43.0.2357.130 Safari/537.36"
118.13.215.16 - - [10/Jan/2017:03:10:32 +0100] "POST /xmlrpc.php HTTP/1.1" 200 406 "-" "Mozilla/5.0 (Windows NT 6.1; WOW64; rv:40.0) Gecko/20100101 Firefox/40.1"
118.13.215.16 - - [10/Jan/2017:03:10:33 +0100] "GET /wp-login.php HTTP/1.1" 200 5012 "-" "Mozilla/5.0 (Windows NT 6.1; WOW64; rv:40.0) Gecko/20100101 Firefox/40.1"
118.13.215.16 - - [10/Jan/2017:03:10:35 +0100] "POST /wp-login.php HTTP/1.1" 200 5012 "-" "Mozilla/5.0 (Windows NT 6.1; WOW64; rv:40.0) Gecko/20100101 Firefox/40.1"
142.4.11.55 - - [10/Jan/2017:03:16:24 +0100] "POST /wp-login.php HTTP/1.1" 200 1632 "-" "Mozilla/5.0 (X11; Linux x86_64) AppleWebKit/537.36 (KHTML, like Gecko) Chrome/43.0.2357.130 Safari/537.36"
85.25.210.234 - - [10/Jan/2017:03:23:22 +0100] "GET /robots.txt HTTP/1.1" 200 69 "-" "Mozilla/5.0 (compatible; seoscanners.net/1; +spider@seoscanners.net)"
85.25.210.234 - - [10/Jan/2017:03:23:22 +0100] "GET /mitmachen/mitglied-werden/ HTTP/1.1" 200 5910 "-" "Mozilla/5.0 (compatible; seoscanners.net/1; +spider@seoscanners.net)"
50.62.177.143 - - [10/Jan/2017:03:23:36 +0100] "POST /xmlrpc.php HTTP/1.1" 200 528 "-" "Mozilla/5.0 (X11; Ubuntu; Linux x86_64; rv:23.0) Gecko/20100101 Firefox/23.0"
79.170.91.61 - - [10/Jan/2017:03:42:19 +0100] "POST /wp-login.php HTTP/1.1" 200 1632 "-" "Mozilla/5.0 (X11; Linux x86_64) AppleWebKit/537.36 (KHTML, like Gecko) Chrome/43.0.2357.130 Safari/537.36"
213.160.90.146 - - [10/Jan/2017:03:42:19 +0100] "POST /wp-cron.php?doing_wp_cron=1484016139.4964439868927001953125 HTTP/1.1" 200 20 "http://www.duesseldorfer-toastmasters.de/wp-cron.php?doing_wp_cron=1484016139.4964439868927001953125" "WordPress/4.7; http://www.duesseldorfer-toastmasters.de"
85.214.208.189 - - [10/Jan/2017:03:44:42 +0100] "POST /wp-login.php HTTP/1.1" 200 1632 "-" "Mozilla/5.0 (X11; Linux x86_64) AppleWebKit/537.36 (KHTML, like Gecko) Chrome/43.0.2357.130 Safari/537.36"
164.61.223.12 - - [10/Jan/2017:03:45:01 +0100] "GET /favicon.ico HTTP/1.1" 200 - "-" "Mozilla/4.0 (compatible;)"
185.80.0.96 - - [10/Jan/2017:03:47:01 +0100] "POST /wp-login.php HTTP/1.1" 200 1632 "-" "Mozilla/5.0 (X11; Linux x86_64) AppleWebKit/537.36 (KHTML, like Gecko) Chrome/43.0.2357.130 Safari/537.36"
213.160.90.146 - - [10/Jan/2017:03:49:49 +0100] "POST /wp-cron.php?doing_wp_cron=1484016589.9079990386962890625000 HTTP/1.1" 200 20 "http://www.duesseldorfer-toastmasters.de/wp-cron.php?doing_wp_cron=1484016589.9079990386962890625000" "WordPress/4.7; http://www.duesseldorfer-toastmasters.de"
158.37.149.134 - - [10/Jan/2017:03:49:49 +0100] "POST /wp-login.php HTTP/1.1" 200 1632 "-" "Mozilla/5.0 (X11; Linux x86_64) AppleWebKit/537.36 (KHTML, like Gecko) Chrome/43.0.2357.130 Safari/537.36"
46.45.177.18 - - [10/Jan/2017:03:51:33 +0100] "POST /xmlrpc.php HTTP/1.0" 200 181 "-" "-"
46.45.177.18 - - [10/Jan/2017:03:51:34 +0100] "POST /xmlrpc.php HTTP/1.0" 200 55739 "-" "-"
46.45.177.18 - - [10/Jan/2017:03:51:46 +0100] "POST /xmlrpc.php HTTP/1.0" 200 55739 "-" "-"
46.45.177.18 - - [10/Jan/2017:03:51:47 +0100] "POST /xmlrpc.php HTTP/1.0" 200 55739 "-" "-"
46.45.177.18 - - [10/Jan/2017:03:51:48 +0100] "POST /xmlrpc.php HTTP/1.0" 200 55739 "-" "-"
46.45.177.18 - - [10/Jan/2017:03:51:51 +0100] "POST /xmlrpc.php HTTP/1.0" 200 55739 "-" "-"
46.45.177.18 - - [10/Jan/2017:03:51:54 +0100] "POST /xmlrpc.php HTTP/1.0" 200 55739 "-" "-"
46.45.177.18 - - [10/Jan/2017:03:51:55 +0100] "POST /xmlrpc.php HTTP/1.0" 200 55739 "-" "-"
46.45.177.18 - - [10/Jan/2017:03:51:56 +0100] "POST /xmlrpc.php HTTP/1.0" 200 55739 "-" "-"
46.45.177.18 - - [10/Jan/2017:03:51:58 +0100] "POST /xmlrpc.php HTTP/1.0" 200 55739 "-" "-"
46.45.177.18 - - [10/Jan/2017:03:51:59 +0100] "POST /xmlrpc.php HTTP/1.0" 200 55739 "-" "-"
46.45.177.18 - - [10/Jan/2017:03:52:00 +0100] "POST /xmlrpc.php HTTP/1.0" 200 55739 "-" "-"
46.45.177.18 - - [10/Jan/2017:03:52:02 +0100] "POST /xmlrpc.php HTTP/1.0" 200 55739 "-" "-"
46.45.177.18 - - [10/Jan/2017:03:52:03 +0100] "POST /xmlrpc.php HTTP/1.0" 200 55739 "-" "-"
46.45.177.18 - - [10/Jan/2017:03:52:04 +0100] "POST /xmlrpc.php HTTP/1.0" 200 55739 "-" "-"
46.45.177.18 - - [10/Jan/2017:03:52:06 +0100] "POST /xmlrpc.php HTTP/1.0" 200 55739 "-" "-"
46.45.177.18 - - [10/Jan/2017:03:52:07 +0100] "POST /xmlrpc.php HTTP/1.0" 200 55739 "-" "-"
46.45.177.18 - - [10/Jan/2017:03:52:08 +0100] "POST /xmlrpc.php HTTP/1.0" 200 55739 "-" "-"
46.45.177.18 - - [10/Jan/2017:03:52:10 +0100] "POST /xmlrpc.php HTTP/1.0" 200 55739 "-" "-"
46.45.177.18 - - [10/Jan/2017:03:52:11 +0100] "POST /xmlrpc.php HTTP/1.0" 200 55739 "-" "-"
46.45.177.18 - - [10/Jan/2017:03:52:12 +0100] "POST /xmlrpc.php HTTP/1.0" 200 55739 "-" "-"
46.45.177.18 - - [10/Jan/2017:03:52:13 +0100] "POST /xmlrpc.php HTTP/1.0" 200 55739 "-" "-"
46.45.177.18 - - [10/Jan/2017:03:52:20 +0100] "POST /xmlrpc.php HTTP/1.0" 200 55739 "-" "-"
46.45.177.18 - - [10/Jan/2017:03:52:21 +0100] "POST /xmlrpc.php HTTP/1.0" 200 55739 "-" "-"
46.45.177.18 - - [10/Jan/2017:03:52:22 +0100] "POST /xmlrpc.php HTTP/1.0" 200 55739 "-" "-"
46.45.177.18 - - [10/Jan/2017:03:52:24 +0100] "POST /xmlrpc.php HTTP/1.0" 200 55739 "-" "-"
46.45.177.18 - - [10/Jan/2017:03:52:25 +0100] "POST /xmlrpc.php HTTP/1.0" 200 55739 "-" "-"
46.45.177.18 - - [10/Jan/2017:03:52:26 +0100] "POST /xmlrpc.php HTTP/1.0" 200 55739 "-" "-"
46.45.177.18 - - [10/Jan/2017:03:52:28 +0100] "POST /xmlrpc.php HTTP/1.0" 200 55739 "-" "-"
46.45.177.18 - - [10/Jan/2017:03:52:29 +0100] "POST /xmlrpc.php HTTP/1.0" 200 55739 "-" "-"
46.45.177.18 - - [10/Jan/2017:03:52:30 +0100] "POST /xmlrpc.php HTTP/1.0" 200 55739 "-" "-"
46.45.177.18 - - [10/Jan/2017:03:52:31 +0100] "POST /xmlrpc.php HTTP/1.0" 200 55739 "-" "-"
184.168.200.230 - - [10/Jan/2017:03:52:57 +0100] "POST /xmlrpc.php HTTP/1.1" 200 528 "-" "Mozilla/5.0 (X11; Ubuntu; Linux x86_64; rv:23.0) Gecko/20100101 Firefox/23.0"
70.74.86.64 - - [10/Jan/2017:03:57:53 +0100] "POST /xmlrpc.php HTTP/1.1" 200 406 "-" "Mozilla/5.0 (Windows NT 6.1; WOW64; rv:40.0) Gecko/20100101 Firefox/40.1"
70.74.86.64 - - [10/Jan/2017:03:57:54 +0100] "GET /wp-login.php HTTP/1.1" 200 5012 "-" "Mozilla/5.0 (Windows NT 6.1; WOW64; rv:40.0) Gecko/20100101 Firefox/40.1"
70.74.86.64 - - [10/Jan/2017:03:57:55 +0100] "POST /wp-login.php HTTP/1.1" 200 5012 "-" "Mozilla/5.0 (Windows NT 6.1; WOW64; rv:40.0) Gecko/20100101 Firefox/40.1"
37.247.41.78 - - [10/Jan/2017:03:57:56 +0100] "POST /wp-login.php HTTP/1.1" 200 1632 "-" "Mozilla/5.0 (X11; Linux x86_64) AppleWebKit/537.36 (KHTML, like Gecko) Chrome/43.0.2357.130 Safari/537.36"
173.245.89.125 - - [10/Jan/2017:04:05:10 +0100] "POST /wp-login.php HTTP/1.1" 200 1632 "-" "Mozilla/5.0 (X11; Linux x86_64) AppleWebKit/537.36 (KHTML, like Gecko) Chrome/43.0.2357.130 Safari/537.36"
207.46.13.55 - - [10/Jan/2017:04:07:19 +0100] "GET /accordion_tp-sitemap.xml HTTP/1.1" 200 504 "-" "Mozilla/5.0 (compatible; bingbot/2.0; +http://www.bing.com/bingbot.htm)"
157.55.39.154 - - [10/Jan/2017:04:09:32 +0100] "GET /?page_id=837 HTTP/1.1" 301 20 "-" "Mozilla/5.0 (iPhone; CPU iPhone OS 7_0 like Mac OS X) AppleWebKit/537.51.1 (KHTML, like Gecko) Version/7.0 Mobile/11A465 Safari/9537.53 (compatible; bingbot/2.0; +http://www.bing.com/bingbot.htm)"
157.55.39.154 - - [10/Jan/2017:04:09:42 +0100] "GET /?page_id=837 HTTP/1.1" 301 20 "-" "Mozilla/5.0 (iPhone; CPU iPhone OS 7_0 like Mac OS X) AppleWebKit/537.51.1 (KHTML, like Gecko) Version/7.0 Mobile/11A465 Safari/9537.53 (compatible; bingbot/2.0; +http://www.bing.com/bingbot.htm)"
157.55.39.154 - - [10/Jan/2017:04:09:44 +0100] "GET /nachricht-gesendet/ HTTP/1.1" 200 5402 "-" "Mozilla/5.0 (iPhone; CPU iPhone OS 7_0 like Mac OS X) AppleWebKit/537.51.1 (KHTML, like Gecko) Version/7.0 Mobile/11A465 Safari/9537.53 (compatible; bingbot/2.0; +http://www.bing.com/bingbot.htm)"
157.55.39.154 - - [10/Jan/2017:04:10:01 +0100] "GET /wp-content/plugins/accordions-wp/css/style.css?ver=4.7 HTTP/1.1" 200 430 "-" "Mozilla/5.0 (iPhone; CPU iPhone OS 7_0 like Mac OS X) AppleWebKit/537.51.1 (KHTML, like Gecko) Version/7.0 Mobile/11A465 Safari/9537.53 (compatible; bingbot/2.0; +http://www.bing.com/bingbot.htm)"
157.55.39.154 - - [10/Jan/2017:04:10:02 +0100] "GET /wp-content/plugins/calpress-event-calendar/js/event.js?ver=1 HTTP/1.1" 200 1059 "-" "Mozilla/5.0 (iPhone; CPU iPhone OS 7_0 like Mac OS X) AppleWebKit/537.51.1 (KHTML, like Gecko) Version/7.0 Mobile/11A465 Safari/9537.53 (compatible; bingbot/2.0; +http://www.bing.com/bingbot.htm)"
157.55.39.154 - - [10/Jan/2017:04:10:02 +0100] "GET /wp-content/plugins/contact-form-7/includes/css/styles.css?ver=4.5.1 HTTP/1.1" 200 534 "-" "Mozilla/5.0 (iPhone; CPU iPhone OS 7_0 like Mac OS X) AppleWebKit/537.51.1 (KHTML, like Gecko) Version/7.0 Mobile/11A465 Safari/9537.53 (compatible; bingbot/2.0; +http://www.bing.com/bingbot.htm)"
157.55.39.154 - - [10/Jan/2017:04:10:02 +0100] "GET /wp-content/themes/ToastMasters/jq/css_browser_selector.js HTTP/1.1" 200 604 "-" "Mozilla/5.0 (iPhone; CPU iPhone OS 7_0 like Mac OS X) AppleWebKit/537.51.1 (KHTML, like Gecko) Version/7.0 Mobile/11A465 Safari/9537.53 (compatible; bingbot/2.0; +http://www.bing.com/bingbot.htm)"
157.55.39.154 - - [10/Jan/2017:04:10:03 +0100] "GET /wp-content/themes/ToastMasters/jq/responsiveslides.min.js HTTP/1.1" 200 1471 "-" "Mozilla/5.0 (iPhone; CPU iPhone OS 7_0 like Mac OS X) AppleWebKit/537.51.1 (KHTML, like Gecko) Version/7.0 Mobile/11A465 Safari/9537.53 (compatible; bingbot/2.0; +http://www.bing.com/bingbot.htm)"
157.55.39.154 - - [10/Jan/2017:04:10:03 +0100] "GET /wp-content/themes/ToastMasters/style.css HTTP/1.1" 200 7955 "-" "Mozilla/5.0 (iPhone; CPU iPhone OS 7_0 like Mac OS X) AppleWebKit/537.51.1 (KHTML, like Gecko) Version/7.0 Mobile/11A465 Safari/9537.53 (compatible; bingbot/2.0; +http://www.bing.com/bingbot.htm)"
157.55.39.154 - - [10/Jan/2017:04:10:03 +0100] "GET /wp-includes/js/wp-embed.min.js?ver=4.7 HTTP/1.1" 200 751 "-" "Mozilla/5.0 (iPhone; CPU iPhone OS 7_0 like Mac OS X) AppleWebKit/537.51.1 (KHTML, like Gecko) Version/7.0 Mobile/11A465 Safari/9537.53 (compatible; bingbot/2.0; +http://www.bing.com/bingbot.htm)"
157.55.39.0 - - [10/Jan/2017:04:10:07 +0100] "GET /wp-content/plugins/calpress-event-calendar/css/general.css?ver=1 HTTP/1.1" 200 2401 "-" "Mozilla/5.0 (iPhone; CPU iPhone OS 7_0 like Mac OS X) AppleWebKit/537.51.1 (KHTML, like Gecko) Version/7.0 Mobile/11A465 Safari/9537.53 (compatible; bingbot/2.0; +http://www.bing.com/bingbot.htm)"
157.55.39.0 - - [10/Jan/2017:04:10:08 +0100] "GET /wp-content/themes/ToastMasters/images/flags/flag_gb.svg HTTP/1.1" 200 817 "-" "Mozilla/5.0 (iPhone; CPU iPhone OS 7_0 like Mac OS X) AppleWebKit/537.51.1 (KHTML, like Gecko) Version/7.0 Mobile/11A465 Safari/9537.53 (compatible; bingbot/2.0; +http://www.bing.com/bingbot.htm)"
157.55.39.0 - - [10/Jan/2017:04:10:08 +0100] "GET /wp-includes/js/jquery/jquery-migrate.min.js?ver=1.4.1 HTTP/1.1" 200 4014 "-" "Mozilla/5.0 (iPhone; CPU iPhone OS 7_0 like Mac OS X) AppleWebKit/537.51.1 (KHTML, like Gecko) Version/7.0 Mobile/11A465 Safari/9537.53 (compatible; bingbot/2.0; +http://www.bing.com/bingbot.htm)"
85.25.210.41 - - [10/Jan/2017:04:10:12 +0100] "GET /robots.txt HTTP/1.1" 200 69 "-" "Mozilla/5.0 (compatible; seoscanners.net/1; +spider@seoscanners.net)"
85.25.210.41 - - [10/Jan/2017:04:10:12 +0100] "GET /calendar/ HTTP/1.1" 200 8585 "-" "Mozilla/5.0 (compatible; seoscanners.net/1; +spider@seoscanners.net)"
207.46.13.55 - - [10/Jan/2017:04:10:20 +0100] "GET /wp-content/plugins/accordions-wp/css/responsive-accordion.css?ver=4.7 HTTP/1.1" 200 571 "-" "Mozilla/5.0 (iPhone; CPU iPhone OS 7_0 like Mac OS X) AppleWebKit/537.51.1 (KHTML, like Gecko) Version/7.0 Mobile/11A465 Safari/9537.53 (compatible; bingbot/2.0; +http://www.bing.com/bingbot.htm)"
207.46.13.55 - - [10/Jan/2017:04:10:20 +0100] "GET /wp-content/themes/ToastMasters/images/flags/flag_de.svg HTTP/1.1" 200 222 "-" "Mozilla/5.0 (iPhone; CPU iPhone OS 7_0 like Mac OS X) AppleWebKit/537.51.1 (KHTML, like Gecko) Version/7.0 Mobile/11A465 Safari/9537.53 (compatible; bingbot/2.0; +http://www.bing.com/bingbot.htm)"
207.46.13.55 - - [10/Jan/2017:04:10:20 +0100] "GET /wp-content/themes/ToastMasters/jq/jquery-1.8.2.min.js HTTP/1.1" 200 33397 "-" "Mozilla/5.0 (iPhone; CPU iPhone OS 7_0 like Mac OS X) AppleWebKit/537.51.1 (KHTML, like Gecko) Version/7.0 Mobile/11A465 Safari/9537.53 (compatible; bingbot/2.0; +http://www.bing.com/bingbot.htm)"
91.121.79.94 - - [10/Jan/2017:04:12:49 +0100] "POST /wp-login.php HTTP/1.1" 200 1632 "-" "Mozilla/5.0 (X11; Linux x86_64) AppleWebKit/537.36 (KHTML, like Gecko) Chrome/43.0.2357.130 Safari/537.36"
43.231.113.82 - - [10/Jan/2017:04:17:48 +0100] "POST /wp-login.php HTTP/1.1" 200 1632 "-" "Mozilla/5.0 (X11; Linux x86_64) AppleWebKit/537.36 (KHTML, like Gecko) Chrome/43.0.2357.130 Safari/537.36"
186.226.160.178 - - [10/Jan/2017:04:18:27 +0100] "POST /xmlrpc.php HTTP/1.1" 200 406 "-" "Mozilla/5.0 (Windows NT 6.1; WOW64; rv:40.0) Gecko/20100101 Firefox/40.1"
186.226.160.178 - - [10/Jan/2017:04:18:32 +0100] "GET /wp-login.php HTTP/1.1" 200 5012 "-" "Mozilla/5.0 (Windows NT 6.1; WOW64; rv:40.0) Gecko/20100101 Firefox/40.1"
186.226.160.178 - - [10/Jan/2017:04:18:43 +0100] "POST /wp-login.php HTTP/1.1" 200 5012 "-" "Mozilla/5.0 (Windows NT 6.1; WOW64; rv:40.0) Gecko/20100101 Firefox/40.1"
207.46.13.55 - - [10/Jan/2017:04:25:08 +0100] "GET /?page_id=9 HTTP/1.1" 301 20 "-" "Mozilla/5.0 (iPhone; CPU iPhone OS 7_0 like Mac OS X) AppleWebKit/537.51.1 (KHTML, like Gecko) Version/7.0 Mobile/11A465 Safari/9537.53 (compatible; bingbot/2.0; +http://www.bing.com/bingbot.htm)"
207.46.13.55 - - [10/Jan/2017:04:25:19 +0100] "GET /?page_id=9 HTTP/1.1" 301 20 "-" "Mozilla/5.0 (iPhone; CPU iPhone OS 7_0 like Mac OS X) AppleWebKit/537.51.1 (KHTML, like Gecko) Version/7.0 Mobile/11A465 Safari/9537.53 (compatible; bingbot/2.0; +http://www.bing.com/bingbot.htm)"
207.46.13.55 - - [10/Jan/2017:04:25:21 +0100] "GET /kontakt/ HTTP/1.1" 200 6272 "-" "Mozilla/5.0 (iPhone; CPU iPhone OS 7_0 like Mac OS X) AppleWebKit/537.51.1 (KHTML, like Gecko) Version/7.0 Mobile/11A465 Safari/9537.53 (compatible; bingbot/2.0; +http://www.bing.com/bingbot.htm)"
157.55.39.196 - - [10/Jan/2017:04:25:38 +0100] "GET /wp-content/plugins/accordions-wp/js/responsive-accordion.min.js?ver=1.0 HTTP/1.1" 200 355 "-" "Mozilla/5.0 (iPhone; CPU iPhone OS 7_0 like Mac OS X) AppleWebKit/537.51.1 (KHTML, like Gecko) Version/7.0 Mobile/11A465 Safari/9537.53 (compatible; bingbot/2.0; +http://www.bing.com/bingbot.htm)"
157.55.39.196 - - [10/Jan/2017:04:25:38 +0100] "GET /wp-content/plugins/calpress-event-calendar/js/jquery.tinyscrollbar.min.js?ver=4.7 HTTP/1.1" 200 1655 "-" "Mozilla/5.0 (iPhone; CPU iPhone OS 7_0 like Mac OS X) AppleWebKit/537.51.1 (KHTML, like Gecko) Version/7.0 Mobile/11A465 Safari/9537.53 (compatible; bingbot/2.0; +http://www.bing.com/bingbot.htm)"
157.55.39.196 - - [10/Jan/2017:04:25:38 +0100] "GET /wp-includes/js/jquery/jquery.js?ver=1.12.4 HTTP/1.1" 200 33766 "-" "Mozilla/5.0 (iPhone; CPU iPhone OS 7_0 like Mac OS X) AppleWebKit/537.51.1 (KHTML, like Gecko) Version/7.0 Mobile/11A465 Safari/9537.53 (compatible; bingbot/2.0; +http://www.bing.com/bingbot.htm)"
157.55.39.196 - - [10/Jan/2017:04:25:39 +0100] "GET /wp-includes/js/wp-emoji-release.min.js?ver=4.7 HTTP/1.1" 200 4230 "-" "Mozilla/5.0 (iPhone; CPU iPhone OS 7_0 like Mac OS X) AppleWebKit/537.51.1 (KHTML, like Gecko) Version/7.0 Mobile/11A465 Safari/9537.53 (compatible; bingbot/2.0; +http://www.bing.com/bingbot.htm)"
157.55.39.0 - - [10/Jan/2017:04:25:41 +0100] "GET /wp-content/plugins/calpress-event-calendar/css/general.css?ver=1 HTTP/1.1" 200 2401 "-" "Mozilla/5.0 (iPhone; CPU iPhone OS 7_0 like Mac OS X) AppleWebKit/537.51.1 (KHTML, like Gecko) Version/7.0 Mobile/11A465 Safari/9537.53 (compatible; bingbot/2.0; +http://www.bing.com/bingbot.htm)"
157.55.39.0 - - [10/Jan/2017:04:25:42 +0100] "GET /wp-includes/js/jquery/jquery-migrate.min.js?ver=1.4.1 HTTP/1.1" 200 4014 "-" "Mozilla/5.0 (iPhone; CPU iPhone OS 7_0 like Mac OS X) AppleWebKit/537.51.1 (KHTML, like Gecko) Version/7.0 Mobile/11A465 Safari/9537.53 (compatible; bingbot/2.0; +http://www.bing.com/bingbot.htm)"
157.55.39.154 - - [10/Jan/2017:04:25:46 +0100] "GET /wp-content/plugins/accordions-wp/css/style.css?ver=4.7 HTTP/1.1" 200 430 "-" "Mozilla/5.0 (iPhone; CPU iPhone OS 7_0 like Mac OS X) AppleWebKit/537.51.1 (KHTML, like Gecko) Version/7.0 Mobile/11A465 Safari/9537.53 (compatible; bingbot/2.0; +http://www.bing.com/bingbot.htm)"
157.55.39.154 - - [10/Jan/2017:04:25:46 +0100] "GET /wp-content/themes/ToastMasters/jq/css_browser_selector.js HTTP/1.1" 200 604 "-" "Mozilla/5.0 (iPhone; CPU iPhone OS 7_0 like Mac OS X) AppleWebKit/537.51.1 (KHTML, like Gecko) Version/7.0 Mobile/11A465 Safari/9537.53 (compatible; bingbot/2.0; +http://www.bing.com/bingbot.htm)"
157.55.39.154 - - [10/Jan/2017:04:25:46 +0100] "GET /wp-includes/js/wp-embed.min.js?ver=4.7 HTTP/1.1" 200 751 "-" "Mozilla/5.0 (iPhone; CPU iPhone OS 7_0 like Mac OS X) AppleWebKit/537.51.1 (KHTML, like Gecko) Version/7.0 Mobile/11A465 Safari/9537.53 (compatible; bingbot/2.0; +http://www.bing.com/bingbot.htm)"
207.46.13.55 - - [10/Jan/2017:04:25:52 +0100] "GET /wp-content/plugins/accordions-wp/css/responsive-accordion.css?ver=4.7 HTTP/1.1" 200 571 "-" "Mozilla/5.0 (iPhone; CPU iPhone OS 7_0 like Mac OS X) AppleWebKit/537.51.1 (KHTML, like Gecko) Version/7.0 Mobile/11A465 Safari/9537.53 (compatible; bingbot/2.0; +http://www.bing.com/bingbot.htm)"
180.76.15.17 - - [10/Jan/2017:04:26:19 +0100] "GET / HTTP/1.1" 301 - "-" "Mozilla/5.0 (compatible; Baiduspider/2.0; +http://www.baidu.com/search/spider.html)"
180.76.15.150 - - [10/Jan/2017:04:26:49 +0100] "GET / HTTP/1.1" 301 - "-" "Mozilla/5.0 (compatible; Baiduspider/2.0; +http://www.baidu.com/search/spider.html)"
180.76.15.163 - - [10/Jan/2017:04:42:07 +0100] "GET /wp-json/ HTTP/1.1" 200 49303 "-" "Mozilla/5.0 (compatible; Baiduspider/2.0; +http://www.baidu.com/search/spider.html)"
213.160.90.146 - - [10/Jan/2017:04:42:07 +0100] "POST /wp-cron.php?doing_wp_cron=1484019727.7909109592437744140625 HTTP/1.1" 200 20 "http://www.duesseldorfer-toastmasters.de/wp-cron.php?doing_wp_cron=1484019727.7909109592437744140625" "WordPress/4.7; http://www.duesseldorfer-toastmasters.de"
85.25.210.234 - - [10/Jan/2017:04:47:25 +0100] "GET /robots.txt HTTP/1.1" 200 69 "-" "Mozilla/5.0 (compatible; seoscanners.net/1; +spider@seoscanners.net)"
85.25.210.234 - - [10/Jan/2017:04:47:25 +0100] "GET /calendar/ HTTP/1.1" 200 8590 "-" "Mozilla/5.0 (compatible; seoscanners.net/1; +spider@seoscanners.net)"
213.160.90.146 - - [10/Jan/2017:05:09:18 +0100] "POST /wp-cron.php?doing_wp_cron=1484021358.4427299499511718750000 HTTP/1.1" 200 20 "http://www.duesseldorfer-toastmasters.de/wp-cron.php?doing_wp_cron=1484021358.4427299499511718750000" "WordPress/4.7; http://www.duesseldorfer-toastmasters.de"
66.249.66.178 - - [10/Jan/2017:05:09:18 +0100] "GET /robots.txt HTTP/1.1" 200 69 "-" "Mozilla/5.0 (compatible; Googlebot/2.1; +http://www.google.com/bot.html)"
66.249.66.181 - - [10/Jan/2017:05:09:19 +0100] "GET /feed/ HTTP/1.1" 404 1564 "-" "Mozilla/5.0 (compatible; Googlebot/2.1; +http://www.google.com/bot.html)"
131.253.27.2 - - [10/Jan/2017:05:11:01 +0100] "GET /wp-includes/js/wp-emoji-release.min.js?ver=4.7 HTTP/1.1" 200 11414 "-" "Mozilla/5.0 (iPhone; CPU iPhone OS 7_0 like Mac OS X) AppleWebKit/537.51.1 (KHTML, like Gecko) Version/7.0 Mobile/11A465 Safari/9537.53 BingPreview/1.0b"
131.253.27.135 - - [10/Jan/2017:05:11:01 +0100] "GET /wp-admin/css/color-picker.min.css?ver=4.7 HTTP/1.1" 200 2144 "-" "Mozilla/5.0 (iPhone; CPU iPhone OS 7_0 like Mac OS X) AppleWebKit/537.51.1 (KHTML, like Gecko) Version/7.0 Mobile/11A465 Safari/9537.53 BingPreview/1.0b"
131.253.27.135 - - [10/Jan/2017:05:11:02 +0100] "GET /wp-includes/js/jquery/jquery.js?ver=1.12.4 HTTP/1.1" 200 97184 "-" "Mozilla/5.0 (iPhone; CPU iPhone OS 7_0 like Mac OS X) AppleWebKit/537.51.1 (KHTML, like Gecko) Version/7.0 Mobile/11A465 Safari/9537.53 BingPreview/1.0b"
131.253.27.135 - - [10/Jan/2017:05:11:03 +0100] "GET /wp-content/plugins/accordions-wp/js/responsive-accordion.min.js?ver=1.0 HTTP/1.1" 200 1000 "-" "Mozilla/5.0 (iPhone; CPU iPhone OS 7_0 like Mac OS X) AppleWebKit/537.51.1 (KHTML, like Gecko) Version/7.0 Mobile/11A465 Safari/9537.53 BingPreview/1.0b"
131.253.25.195 - - [10/Jan/2017:05:11:04 +0100] "GET /wp-content/plugins/calpress-event-calendar/js/jquery.tinyscrollbar.min.js?ver=4.7 HTTP/1.1" 200 5343 "-" "Mozilla/5.0 (iPhone; CPU iPhone OS 7_0 like Mac OS X) AppleWebKit/537.51.1 (KHTML, like Gecko) Version/7.0 Mobile/11A465 Safari/9537.53 BingPreview/1.0b"
131.253.27.135 - - [10/Jan/2017:05:11:05 +0100] "GET /wp-content/themes/ToastMasters/images/page-top.jpg HTTP/1.1" 200 18847 "-" "Mozilla/5.0 (iPhone; CPU iPhone OS 7_0 like Mac OS X) AppleWebKit/537.51.1 (KHTML, like Gecko) Version/7.0 Mobile/11A465 Safari/9537.53 BingPreview/1.0b"
131.253.25.247 - - [10/Jan/2017:05:11:05 +0100] "GET /wp-content/themes/ToastMasters/images/bg_tiled.png HTTP/1.1" 200 3975 "-" "Mozilla/5.0 (iPhone; CPU iPhone OS 7_0 like Mac OS X) AppleWebKit/537.51.1 (KHTML, like Gecko) Version/7.0 Mobile/11A465 Safari/9537.53 BingPreview/1.0b"
131.253.27.57 - - [10/Jan/2017:05:11:06 +0100] "GET /wp-content/plugins/calpress-event-calendar/img/ajax-loader.png HTTP/1.1" 200 3657 "-" "Mozilla/5.0 (iPhone; CPU iPhone OS 7_0 like Mac OS X) AppleWebKit/537.51.1 (KHTML, like Gecko) Version/7.0 Mobile/11A465 Safari/9537.53 BingPreview/1.0b"
131.253.25.247 - - [10/Jan/2017:05:11:06 +0100] "GET /wp-content/themes/ToastMasters/images/list.jpg HTTP/1.1" 404 19672 "-" "Mozilla/5.0 (iPhone; CPU iPhone OS 7_0 like Mac OS X) AppleWebKit/537.51.1 (KHTML, like Gecko) Version/7.0 Mobile/11A465 Safari/9537.53 BingPreview/1.0b"
62.210.188.203 - - [10/Jan/2017:05:11:52 +0100] "GET / HTTP/1.0" 301 - "http://duesseldorfer-toastmasters.de" "Mozilla/4.0 (compatible; MSIE 6.0; Windows NT 5.1; SV1; .NET CLR 2.0.50727)"
62.210.188.203 - - [10/Jan/2017:05:11:54 +0100] "GET / HTTP/1.0" 200 25313 "http://www.duesseldorfer-toastmasters.de/" "Mozilla/4.0 (compatible; MSIE 6.0; Windows NT 5.1; SV1; .NET CLR 2.0.50727)"
62.210.188.203 - - [10/Jan/2017:05:33:18 +0100] "GET /login/ HTTP/1.0" 302 - "http://www.duesseldorfer-toastmasters.de/login/" "Mozilla/4.0 (compatible; MSIE 6.0; Windows NT 5.1; SV1; .NET CLR 2.0.50727)"
62.210.188.203 - - [10/Jan/2017:05:33:20 +0100] "GET /wp-login.php HTTP/1.0" 200 4941 "http://www.duesseldorfer-toastmasters.de/wp-login.php" "Mozilla/4.0 (compatible; MSIE 6.0; Windows NT 5.1; SV1; .NET CLR 2.0.50727)"
62.210.188.203 - - [10/Jan/2017:05:33:20 +0100] "GET /en/ HTTP/1.0" 200 21006 "http://www.duesseldorfer-toastmasters.de/en/" "Mozilla/4.0 (compatible; MSIE 6.0; Windows NT 5.1; SV1; .NET CLR 2.0.50727)"
62.210.188.203 - - [10/Jan/2017:05:33:21 +0100] "GET / HTTP/1.0" 200 25313 "http://www.duesseldorfer-toastmasters.de/" "Mozilla/4.0 (compatible; MSIE 6.0; Windows NT 5.1; SV1; .NET CLR 2.0.50727)"
213.160.90.146 - - [10/Jan/2017:05:33:18 +0100] "POST /wp-cron.php?doing_wp_cron=1484022798.8895819187164306640625 HTTP/1.1" 200 20 "http://www.duesseldorfer-toastmasters.de/wp-cron.php?doing_wp_cron=1484022798.8895819187164306640625" "WordPress/4.7; http://www.duesseldorfer-toastmasters.de"
62.210.188.203 - - [10/Jan/2017:05:33:28 +0100] "GET /ueber-uns/ HTTP/1.0" 200 23708 "http://www.duesseldorfer-toastmasters.de/ueber-uns/" "Mozilla/4.0 (compatible; MSIE 6.0; Windows NT 5.1; SV1; .NET CLR 2.0.50727)"
62.210.188.203 - - [10/Jan/2017:05:33:29 +0100] "GET /clubkultur/ HTTP/1.0" 200 25689 "http://www.duesseldorfer-toastmasters.de/clubkultur/" "Mozilla/4.0 (compatible; MSIE 6.0; Windows NT 5.1; SV1; .NET CLR 2.0.50727)"
62.210.188.203 - - [10/Jan/2017:05:33:31 +0100] "GET /praesidium/ HTTP/1.0" 200 33439 "http://www.duesseldorfer-toastmasters.de/praesidium/" "Mozilla/4.0 (compatible; MSIE 6.0; Windows NT 5.1; SV1; .NET CLR 2.0.50727)"
62.210.188.203 - - [10/Jan/2017:05:33:32 +0100] "GET /toastmasters-konzept/ HTTP/1.0" 200 27324 "http://www.duesseldorfer-toastmasters.de/toastmasters-konzept/" "Mozilla/4.0 (compatible; MSIE 6.0; Windows NT 5.1; SV1; .NET CLR 2.0.50727)"
62.210.188.203 - - [10/Jan/2017:05:33:34 +0100] "GET /unsere-mitglieder/ HTTP/1.0" 200 26971 "http://www.duesseldorfer-toastmasters.de/unsere-mitglieder/" "Mozilla/4.0 (compatible; MSIE 6.0; Windows NT 5.1; SV1; .NET CLR 2.0.50727)"
178.255.215.83 - - [10/Jan/2017:05:36:33 +0100] "GET /impressum/ HTTP/1.1" 200 5656 "-" "Mozilla/5.0 (compatible; Exabot/3.0; +http://www.exabot.com/go/robot)"
84.128.97.154 - - [10/Jan/2017:05:38:29 +0100] "GET / HTTP/1.1" 200 6695 "-" "Mozilla/5.0 (iPad; CPU OS 10_2 like Mac OS X) AppleWebKit/602.3.12 (KHTML, like Gecko) Version/10.0 Mobile/14C92 Safari/602.1"
84.128.97.154 - - [10/Jan/2017:05:38:29 +0100] "GET /apple-touch-icon-152x152-precomposed.png HTTP/1.1" 404 4969 "-" "MobileSafari/602.1 CFNetwork/808.2.16 Darwin/16.3.0"
84.128.97.154 - - [10/Jan/2017:05:38:30 +0100] "GET /apple-touch-icon-152x152.png HTTP/1.1" 404 4969 "-" "MobileSafari/602.1 CFNetwork/808.2.16 Darwin/16.3.0"
84.128.97.154 - - [10/Jan/2017:05:38:31 +0100] "GET /apple-touch-icon-precomposed.png HTTP/1.1" 404 4969 "-" "MobileSafari/602.1 CFNetwork/808.2.16 Darwin/16.3.0"
84.128.97.154 - - [10/Jan/2017:05:38:31 +0100] "GET /apple-touch-icon.png HTTP/1.1" 404 4969 "-" "MobileSafari/602.1 CFNetwork/808.2.16 Darwin/16.3.0"
84.128.97.154 - - [10/Jan/2017:05:38:32 +0100] "GET /favicon.ico HTTP/1.1" 200 - "-" "MobileSafari/602.1 CFNetwork/808.2.16 Darwin/16.3.0"
84.128.97.154 - - [10/Jan/2017:05:38:32 +0100] "GET /apple-touch-icon-152x152-precomposed.png HTTP/1.1" 404 4969 "-" "MobileSafari/602.1 CFNetwork/808.2.16 Darwin/16.3.0"
84.128.97.154 - - [10/Jan/2017:05:38:33 +0100] "GET /apple-touch-icon-152x152.png HTTP/1.1" 404 4969 "-" "MobileSafari/602.1 CFNetwork/808.2.16 Darwin/16.3.0"
84.128.97.154 - - [10/Jan/2017:05:38:34 +0100] "GET /apple-touch-icon-precomposed.png HTTP/1.1" 404 4969 "-" "MobileSafari/602.1 CFNetwork/808.2.16 Darwin/16.3.0"
84.128.97.154 - - [10/Jan/2017:05:38:34 +0100] "GET /apple-touch-icon.png HTTP/1.1" 404 4969 "-" "MobileSafari/602.1 CFNetwork/808.2.16 Darwin/16.3.0"
84.128.97.154 - - [10/Jan/2017:05:38:35 +0100] "GET /favicon.ico HTTP/1.1" 200 - "-" "MobileSafari/602.1 CFNetwork/808.2.16 Darwin/16.3.0"
62.138.0.25 - - [10/Jan/2017:05:40:11 +0100] "GET /robots.txt HTTP/1.1" 200 69 "-" "Mozilla/5.0 (compatible; seoscanners.net/1; +spider@seoscanners.net)"
62.138.0.25 - - [10/Jan/2017:05:40:12 +0100] "GET /mitmachen/ HTTP/1.1" 200 6047 "-" "Mozilla/5.0 (compatible; seoscanners.net/1; +spider@seoscanners.net)"
124.253.250.2 - - [10/Jan/2017:05:48:52 +0100] "POST /xmlrpc.php HTTP/1.1" 200 406 "-" "Mozilla/5.0 (Windows NT 6.1; WOW64; rv:40.0) Gecko/20100101 Firefox/40.1"
213.160.90.146 - - [10/Jan/2017:05:48:53 +0100] "POST /wp-cron.php?doing_wp_cron=1484023733.9477078914642333984375 HTTP/1.1" 200 20 "http://www.duesseldorfer-toastmasters.de/wp-cron.php?doing_wp_cron=1484023733.9477078914642333984375" "WordPress/4.7; http://www.duesseldorfer-toastmasters.de"
124.253.250.2 - - [10/Jan/2017:05:48:53 +0100] "GET /wp-login.php HTTP/1.1" 200 5012 "-" "Mozilla/5.0 (Windows NT 6.1; WOW64; rv:40.0) Gecko/20100101 Firefox/40.1"
124.253.250.2 - - [10/Jan/2017:05:48:55 +0100] "POST /wp-login.php HTTP/1.1" 200 5012 "-" "Mozilla/5.0 (Windows NT 6.1; WOW64; rv:40.0) Gecko/20100101 Firefox/40.1"
207.46.13.55 - - [10/Jan/2017:05:50:31 +0100] "GET /slider-sitemap.xml HTTP/1.1" 200 516 "-" "Mozilla/5.0 (compatible; bingbot/2.0; +http://www.bing.com/bingbot.htm)"
157.55.39.0 - - [10/Jan/2017:06:05:07 +0100] "GET /robots.txt HTTP/1.1" 200 67 "-" "Mozilla/5.0 (compatible; bingbot/2.0; +http://www.bing.com/bingbot.htm)"
157.55.39.0 - - [10/Jan/2017:06:05:08 +0100] "GET /robots.txt HTTP/1.1" 200 67 "-" "Mozilla/5.0 (compatible; bingbot/2.0; +http://www.bing.com/bingbot.htm)"
157.55.39.0 - - [10/Jan/2017:06:05:39 +0100] "GET / HTTP/1.1" 301 20 "-" "Mozilla/5.0 (compatible; bingbot/2.0; +http://www.bing.com/bingbot.htm)"
5.61.32.58 - - [10/Jan/2017:06:11:20 +0100] "GET /wordpress//wp-content/plugins/delete-all-comments/readme.txt HTTP/1.1" 301 20 "-" "Mozilla/5.0 (Windows; U; Windows NT 5.1; en-US; rv:1.9.1.6) Gecko/20091201 Firefox/3.5.6 (.NET CLR 2.0.50727; .NET CLR 3.0.4506.2152; .NET CLR 3.5.30729)"
85.25.210.41 - - [10/Jan/2017:06:12:16 +0100] "GET /robots.txt HTTP/1.1" 200 69 "-" "Mozilla/5.0 (compatible; seoscanners.net/1; +spider@seoscanners.net)"
85.25.210.41 - - [10/Jan/2017:06:12:16 +0100] "GET /kalender/ HTTP/1.1" 200 5553 "-" "Mozilla/5.0 (compatible; seoscanners.net/1; +spider@seoscanners.net)"
157.55.39.196 - - [10/Jan/2017:06:17:02 +0100] "GET /wp-content/uploads/2015/07/dtm_clubabend-300x213.jpg HTTP/1.1" 200 19036 "-" "Mozilla/5.0 (compatible; bingbot/2.0; +http://www.bing.com/bingbot.htm)"
62.210.188.203 - - [10/Jan/2017:06:27:30 +0100] "GET /wp-login.php?action=lostpassword HTTP/1.0" 200 4640 "http://www.duesseldorfer-toastmasters.de/wp-login.php?action=lostpassword" "Mozilla/4.0 (compatible; MSIE 6.0; Windows NT 5.1; SV1; .NET CLR 2.0.50727)"
62.210.188.203 - - [10/Jan/2017:06:27:31 +0100] "GET /en/ HTTP/1.0" 200 21024 "http://web251.server.cityupdate.info/en/" "Mozilla/4.0 (compatible; MSIE 6.0; Windows NT 5.1; SV1; .NET CLR 2.0.50727)"
62.210.188.203 - - [10/Jan/2017:06:27:32 +0100] "GET / HTTP/1.0" 301 - "http://web251.server.cityupdate.info/" "Mozilla/4.0 (compatible; MSIE 6.0; Windows NT 5.1; SV1; .NET CLR 2.0.50727)"
62.210.188.203 - - [10/Jan/2017:06:27:32 +0100] "GET /en/index.php/about-us/ HTTP/1.0" 200 17275 "http://web251.server.cityupdate.info/en/index.php/about-us/" "Mozilla/4.0 (compatible; MSIE 6.0; Windows NT 5.1; SV1; .NET CLR 2.0.50727)"
62.210.188.203 - - [10/Jan/2017:06:27:33 +0100] "GET /en/index.php/club-culture/ HTTP/1.0" 200 16571 "http://web251.server.cityupdate.info/en/index.php/club-culture/" "Mozilla/4.0 (compatible; MSIE 6.0; Windows NT 5.1; SV1; .NET CLR 2.0.50727)"
62.210.188.203 - - [10/Jan/2017:06:27:32 +0100] "GET / HTTP/1.0" 200 25313 "http://www.duesseldorfer-toastmasters.de/" "Mozilla/4.0 (compatible; MSIE 6.0; Windows NT 5.1; SV1; .NET CLR 2.0.50727)"
62.210.188.203 - - [10/Jan/2017:06:27:33 +0100] "GET /en/index.php/our-mission/ HTTP/1.0" 200 13789 "http://web251.server.cityupdate.info/en/index.php/our-mission/" "Mozilla/4.0 (compatible; MSIE 6.0; Windows NT 5.1; SV1; .NET CLR 2.0.50727)"
62.210.188.203 - - [10/Jan/2017:06:27:33 +0100] "GET /en/index.php/toastmasters-concept/ HTTP/1.0" 200 17402 "http://web251.server.cityupdate.info/en/index.php/toastmasters-concept/" "Mozilla/4.0 (compatible; MSIE 6.0; Windows NT 5.1; SV1; .NET CLR 2.0.50727)"
62.210.188.203 - - [10/Jan/2017:06:27:33 +0100] "GET /en/index.php/our-members/ HTTP/1.0" 200 13870 "http://web251.server.cityupdate.info/en/index.php/our-members/" "Mozilla/4.0 (compatible; MSIE 6.0; Windows NT 5.1; SV1; .NET CLR 2.0.50727)"
62.210.188.203 - - [10/Jan/2017:06:27:34 +0100] "GET /en/index.php/photogallery/ HTTP/1.0" 200 13747 "http://web251.server.cityupdate.info/en/index.php/photogallery/" "Mozilla/4.0 (compatible; MSIE 6.0; Windows NT 5.1; SV1; .NET CLR 2.0.50727)"
62.210.188.203 - - [10/Jan/2017:06:27:34 +0100] "GET /en/index.php/join-us/ HTTP/1.0" 200 16325 "http://web251.server.cityupdate.info/en/index.php/join-us/" "Mozilla/4.0 (compatible; MSIE 6.0; Windows NT 5.1; SV1; .NET CLR 2.0.50727)"
87.155.49.4 - - [10/Jan/2017:06:27:35 +0100] "GET /mitmachen/als-gast-anmelden/ HTTP/1.1" 200 6333 "-" "Mozilla/5.0 (iPad; CPU OS 10_2 like Mac OS X) AppleWebKit/602.3.12 (KHTML, like Gecko) Version/10.0 Mobile/14C92 Safari/602.1"
62.210.188.203 - - [10/Jan/2017:06:27:35 +0100] "GET /en/index.php/legal/ HTTP/1.0" 200 14549 "http://web251.server.cityupdate.info/en/index.php/legal/" "Mozilla/4.0 (compatible; MSIE 6.0; Windows NT 5.1; SV1; .NET CLR 2.0.50727)"
87.155.49.4 - - [10/Jan/2017:06:27:36 +0100] "GET /apple-touch-icon-152x152-precomposed.png HTTP/1.1" 404 4969 "-" "MobileSafari/602.1 CFNetwork/808.2.16 Darwin/16.3.0"
87.155.49.4 - - [10/Jan/2017:06:27:37 +0100] "GET /apple-touch-icon-152x152.png HTTP/1.1" 404 4969 "-" "MobileSafari/602.1 CFNetwork/808.2.16 Darwin/16.3.0"
87.155.49.4 - - [10/Jan/2017:06:27:37 +0100] "GET /apple-touch-icon-precomposed.png HTTP/1.1" 404 4969 "-" "MobileSafari/602.1 CFNetwork/808.2.16 Darwin/16.3.0"
87.155.49.4 - - [10/Jan/2017:06:27:38 +0100] "GET /apple-touch-icon.png HTTP/1.1" 404 4969 "-" "MobileSafari/602.1 CFNetwork/808.2.16 Darwin/16.3.0"
87.155.49.4 - - [10/Jan/2017:06:27:39 +0100] "GET /favicon.ico HTTP/1.1" 200 - "-" "MobileSafari/602.1 CFNetwork/808.2.16 Darwin/16.3.0"
87.155.49.4 - - [10/Jan/2017:06:27:39 +0100] "GET /apple-touch-icon-152x152-precomposed.png HTTP/1.1" 404 4969 "-" "MobileSafari/602.1 CFNetwork/808.2.16 Darwin/16.3.0"
87.155.49.4 - - [10/Jan/2017:06:27:40 +0100] "GET /apple-touch-icon-152x152.png HTTP/1.1" 404 4969 "-" "MobileSafari/602.1 CFNetwork/808.2.16 Darwin/16.3.0"
87.155.49.4 - - [10/Jan/2017:06:27:41 +0100] "GET /apple-touch-icon-precomposed.png HTTP/1.1" 404 4969 "-" "MobileSafari/602.1 CFNetwork/808.2.16 Darwin/16.3.0"
87.155.49.4 - - [10/Jan/2017:06:27:42 +0100] "GET /apple-touch-icon.png HTTP/1.1" 404 4969 "-" "MobileSafari/602.1 CFNetwork/808.2.16 Darwin/16.3.0"
87.155.49.4 - - [10/Jan/2017:06:27:42 +0100] "GET /favicon.ico HTTP/1.1" 200 - "-" "MobileSafari/602.1 CFNetwork/808.2.16 Darwin/16.3.0"
62.210.188.203 - - [10/Jan/2017:06:28:03 +0100] "GET /calendar/ HTTP/1.0" 200 51320 "http://www.duesseldorfer-toastmasters.de/calendar/#action=calp_agenda&calp_item_id=8241" "Mozilla/4.0 (compatible; MSIE 6.0; Windows NT 5.1; SV1; .NET CLR 2.0.50727)"
157.55.39.0 - - [10/Jan/2017:06:31:50 +0100] "GET /wordpress/wp-content/uploads/TOE-Handzettel.pdf HTTP/1.1" 301 20 "-" "Mozilla/5.0 (iPhone; CPU iPhone OS 7_0 like Mac OS X) AppleWebKit/537.51.1 (KHTML, like Gecko) Version/7.0 Mobile/11A465 Safari/9537.53 (compatible; bingbot/2.0; +http://www.bing.com/bingbot.htm)"
157.55.39.0 - - [10/Jan/2017:06:33:00 +0100] "GET /wordpress/wp-content/uploads/TOE-Handzettel.pdf HTTP/1.1" 404 4969 "-" "Mozilla/5.0 (iPhone; CPU iPhone OS 7_0 like Mac OS X) AppleWebKit/537.51.1 (KHTML, like Gecko) Version/7.0 Mobile/11A465 Safari/9537.53 (compatible; bingbot/2.0; +http://www.bing.com/bingbot.htm)"
180.76.15.150 - - [10/Jan/2017:06:33:56 +0100] "GET /mitmachen/als-gast-anmelden HTTP/1.1" 301 20 "-" "Mozilla/5.0 (compatible; Baiduspider/2.0; +http://www.baidu.com/search/spider.html)"
213.160.90.146 - - [10/Jan/2017:06:33:57 +0100] "POST /wp-cron.php?doing_wp_cron=1484026437.1036849021911621093750 HTTP/1.1" 200 20 "http://www.duesseldorfer-toastmasters.de/wp-cron.php?doing_wp_cron=1484026437.1036849021911621093750" "WordPress/4.7; http://www.duesseldorfer-toastmasters.de"
180.76.15.162 - - [10/Jan/2017:06:33:59 +0100] "GET /mitmachen/als-gast-anmelden/ HTTP/1.1" 200 6336 "-" "Mozilla/5.0 (compatible; Baiduspider/2.0; +http://www.baidu.com/search/spider.html)"
84.128.97.154 - - [10/Jan/2017:06:37:55 +0100] "GET / HTTP/1.1" 200 6699 "-" "Mozilla/5.0 (iPad; CPU OS 10_2 like Mac OS X) AppleWebKit/602.3.12 (KHTML, like Gecko) Version/10.0 Mobile/14C92 Safari/602.1"
84.128.97.154 - - [10/Jan/2017:06:37:56 +0100] "GET /apple-touch-icon-152x152-precomposed.png HTTP/1.1" 404 4973 "-" "MobileSafari/602.1 CFNetwork/808.2.16 Darwin/16.3.0"
84.128.97.154 - - [10/Jan/2017:06:37:57 +0100] "GET /apple-touch-icon-152x152.png HTTP/1.1" 404 4973 "-" "MobileSafari/602.1 CFNetwork/808.2.16 Darwin/16.3.0"
84.128.97.154 - - [10/Jan/2017:06:37:57 +0100] "GET /apple-touch-icon-precomposed.png HTTP/1.1" 404 4973 "-" "MobileSafari/602.1 CFNetwork/808.2.16 Darwin/16.3.0"
84.128.97.154 - - [10/Jan/2017:06:37:58 +0100] "GET /apple-touch-icon.png HTTP/1.1" 404 4973 "-" "MobileSafari/602.1 CFNetwork/808.2.16 Darwin/16.3.0"
84.128.97.154 - - [10/Jan/2017:06:37:59 +0100] "GET /favicon.ico HTTP/1.1" 200 - "-" "MobileSafari/602.1 CFNetwork/808.2.16 Darwin/16.3.0"
84.128.97.154 - - [10/Jan/2017:06:37:59 +0100] "GET /apple-touch-icon-152x152-precomposed.png HTTP/1.1" 404 4973 "-" "MobileSafari/602.1 CFNetwork/808.2.16 Darwin/16.3.0"
84.128.97.154 - - [10/Jan/2017:06:37:59 +0100] "GET /apple-touch-icon-152x152.png HTTP/1.1" 404 4973 "-" "MobileSafari/602.1 CFNetwork/808.2.16 Darwin/16.3.0"
84.128.97.154 - - [10/Jan/2017:06:38:00 +0100] "GET /apple-touch-icon-precomposed.png HTTP/1.1" 404 4973 "-" "MobileSafari/602.1 CFNetwork/808.2.16 Darwin/16.3.0"
84.128.97.154 - - [10/Jan/2017:06:38:01 +0100] "GET /apple-touch-icon.png HTTP/1.1" 404 4973 "-" "MobileSafari/602.1 CFNetwork/808.2.16 Darwin/16.3.0"
84.128.97.154 - - [10/Jan/2017:06:38:01 +0100] "GET /favicon.ico HTTP/1.1" 200 - "-" "MobileSafari/602.1 CFNetwork/808.2.16 Darwin/16.3.0"
66.249.66.166 - - [10/Jan/2017:06:42:45 +0100] "GET /robots.txt HTTP/1.1" 200 69 "-" "Mozilla/5.0 (compatible; Googlebot/2.1; +http://www.google.com/bot.html)"
66.249.66.170 - - [10/Jan/2017:06:42:46 +0100] "GET /?page_id=249 HTTP/1.1" 301 20 "-" "Mozilla/5.0 (Linux; Android 6.0.1; Nexus 5X Build/MMB29P) AppleWebKit/537.36 (KHTML, like Gecko) Chrome/41.0.2272.96 Mobile Safari/537.36 (compatible; Googlebot/2.1; +http://www.google.com/bot.html)"
66.249.66.181 - - [10/Jan/2017:06:42:47 +0100] "GET /robots.txt HTTP/1.1" 200 69 "-" "Mozilla/5.0 (compatible; Googlebot/2.1; +http://www.google.com/bot.html)"
66.249.66.175 - - [10/Jan/2017:06:42:48 +0100] "GET /?page_id=249 HTTP/1.1" 301 20 "-" "Mozilla/5.0 (Linux; Android 6.0.1; Nexus 5X Build/MMB29P) AppleWebKit/537.36 (KHTML, like Gecko) Chrome/41.0.2272.96 Mobile Safari/537.36 (compatible; Googlebot/2.1; +http://www.google.com/bot.html)"
66.249.66.178 - - [10/Jan/2017:06:42:48 +0100] "GET /haftungsausschluss/ HTTP/1.1" 200 7125 "-" "Mozilla/5.0 (Linux; Android 6.0.1; Nexus 5X Build/MMB29P) AppleWebKit/537.36 (KHTML, like Gecko) Chrome/41.0.2272.96 Mobile Safari/537.36 (compatible; Googlebot/2.1; +http://www.google.com/bot.html)"
66.249.66.175 - - [10/Jan/2017:06:43:00 +0100] "GET /piwik/index.php?module=CoreAdminHome&action=optOut HTTP/1.1" 301 20 "-" "Mozilla/5.0 (compatible; Googlebot/2.1; +http://www.google.com/bot.html)"
66.249.66.175 - - [10/Jan/2017:06:43:00 +0100] "GET /piwik/?module=CoreAdminHome&action=optOut HTTP/1.1" 404 4973 "-" "Mozilla/5.0 (compatible; Googlebot/2.1; +http://www.google.com/bot.html)"
213.160.90.146 - - [10/Jan/2017:06:56:39 +0100] "POST /wp-cron.php?doing_wp_cron=1484027799.8896911144256591796875 HTTP/1.1" 200 20 "http://www.duesseldorfer-toastmasters.de/wp-cron.php?doing_wp_cron=1484027799.8896911144256591796875" "WordPress/4.7; http://www.duesseldorfer-toastmasters.de"
74.115.214.129 - - [10/Jan/2017:06:56:39 +0100] "HEAD / HTTP/1.1" 301 - "http://uptime.com/duesseldorfer-toastmasters.de" "Mozilla/5.0 (compatible; Uptimebot/1.0; +http://www.uptime.com/uptimebot)"
157.55.39.196 - - [10/Jan/2017:06:57:49 +0100] "GET /page-sitemap.xml HTTP/1.1" 200 1227 "-" "Mozilla/5.0 (compatible; bingbot/2.0; +http://www.bing.com/bingbot.htm)"
85.25.210.234 - - [10/Jan/2017:06:58:10 +0100] "GET /robots.txt HTTP/1.1" 200 69 "-" "Mozilla/5.0 (compatible; seoscanners.net/1; +spider@seoscanners.net)"
85.25.210.234 - - [10/Jan/2017:06:58:11 +0100] "GET /mitmachen/als-gast-anmelden HTTP/1.1" 301 20 "-" "Mozilla/5.0 (compatible; seoscanners.net/1; +spider@seoscanners.net)"
85.25.210.234 - - [10/Jan/2017:06:58:11 +0100] "GET /mitmachen/als-gast-anmelden/ HTTP/1.1" 200 6336 "-" "Mozilla/5.0 (compatible; seoscanners.net/1; +spider@seoscanners.net)"
31.168.11.81 - - [10/Jan/2017:07:00:57 +0100] "POST /xmlrpc.php HTTP/1.1" 200 528 "-" "Mozilla/5.0 (X11; Ubuntu; Linux x86_64; rv:23.0) Gecko/20100101 Firefox/23.0"
189.202.68.189 - - [10/Jan/2017:07:02:27 +0100] "POST /xmlrpc.php HTTP/1.1" 200 406 "-" "Mozilla/5.0 (Windows NT 6.1; WOW64; rv:40.0) Gecko/20100101 Firefox/40.1"
189.202.68.189 - - [10/Jan/2017:07:02:28 +0100] "GET /wp-login.php HTTP/1.1" 200 5012 "-" "Mozilla/5.0 (Windows NT 6.1; WOW64; rv:40.0) Gecko/20100101 Firefox/40.1"
189.202.68.189 - - [10/Jan/2017:07:02:29 +0100] "POST /wp-login.php HTTP/1.1" 200 5012 "-" "Mozilla/5.0 (Windows NT 6.1; WOW64; rv:40.0) Gecko/20100101 Firefox/40.1"
66.249.66.170 - - [10/Jan/2017:07:19:00 +0100] "GET /?page_id=720 HTTP/1.1" 301 20 "-" "Mozilla/5.0 (Linux; Android 6.0.1; Nexus 5X Build/MMB29P) AppleWebKit/537.36 (KHTML, like Gecko) Chrome/41.0.2272.96 Mobile Safari/537.36 (compatible; Googlebot/2.1; +http://www.google.com/bot.html)"
66.249.66.178 - - [10/Jan/2017:07:19:01 +0100] "GET /?page_id=720 HTTP/1.1" 301 20 "-" "Mozilla/5.0 (Linux; Android 6.0.1; Nexus 5X Build/MMB29P) AppleWebKit/537.36 (KHTML, like Gecko) Chrome/41.0.2272.96 Mobile Safari/537.36 (compatible; Googlebot/2.1; +http://www.google.com/bot.html)"
91.220.131.134 - - [10/Jan/2017:07:20:29 +0100] "POST /wp-login.php HTTP/1.1" 200 1697 "http://duesseldorfer-toastmasters.de/wp-login.php" "Mozilla/5.0 (Windows NT 10.0; WOW64) AppleWebKit/537.36 (KHTML, like Gecko) Chrome/53.0.2785.143 Safari/537.36"
91.220.131.134 - - [10/Jan/2017:07:20:30 +0100] "POST /wp-login.php HTTP/1.1" 200 1697 "http://duesseldorfer-toastmasters.de/wp-login.php" "Mozilla/5.0 (Windows NT 10.0; WOW64) AppleWebKit/537.36 (KHTML, like Gecko) Chrome/53.0.2785.143 Safari/537.36"
175.136.96.67 - - [10/Jan/2017:07:22:49 +0100] "POST /xmlrpc.php HTTP/1.1" 200 406 "-" "Mozilla/5.0 (Windows NT 6.1; WOW64; rv:40.0) Gecko/20100101 Firefox/40.1"
